[backblue.gif]
[fade.gif]
[index.html]
[edu.nstu.ru/courses/saod/_themes/my-index/my-i1111.css]
[edu.nstu.ru/courses/saod/images/buner1.jpg]
[edu.nstu.ru/courses/saod/_derived/content.htm_cmp_my-index110_hbtn.gif]
[edu.nstu.ru/courses/saod/_derived/content.htm_cmp_my-index110_hbtn_a.gif]
[edu.nstu.ru/courses/saod/_derived/testing.htm_cmp_my-index110_hbtn.gif]
[edu.nstu.ru/courses/saod/content.html]
[edu.nstu.ru/courses/saod/_derived/testing.htm_cmp_my-index110_hbtn_a.gif]
[edu.nstu.ru/courses/saod/testing.html]
[edu.nstu.ru/courses/saod/_derived/visualisator.htm_cmp_my-index110_hbtn.gif]
[edu.nstu.ru/courses/saod/_derived/visualisator.htm_cmp_my-index110_hbtn_a.gif]
[edu.nstu.ru/courses/saod/visualisator.html]
[edu.nstu.ru/courses/saod/_derived/liter.htm_cmp_my-index110_hbtn.gif]
[edu.nstu.ru/courses/saod/_derived/liter.htm_cmp_my-index110_hbtn_a.gif]
[edu.nstu.ru/courses/saod/liter.html]
[edu.nstu.ru/courses/saod/_derived/glossary.htm_cmp_my-index110_hbtn.gif]
[edu.nstu.ru/courses/saod/_derived/glossary.htm_cmp_my-index110_hbtn_a.gif]
[edu.nstu.ru/courses/saod/index.html]
[edu.nstu.ru/courses/saod/glossary.html]
[edu.nstu.ru/courses/saod/_themes/my-index/ablrule.gif]
[edu.nstu.ru/courses/saod/_themes/my-index/ablbull1.gif]
[edu.nstu.ru/courses/saod/_themes/my-index/ablbull2.gif]
[edu.nstu.ru/courses/saod/_themes/my-index/ablbull3.gif]
[edu.nstu.ru/courses/saod/_themes/my-index/ablbnr.gif]
[edu.nstu.ru/courses/saod/_themes/my-index/but_up.gif]
[edu.nstu.ru/courses/saod/_themes/my-index/but_down.gif]
[edu.nstu.ru/courses/saod/_themes/my-index/blhomes.gif]
[edu.nstu.ru/courses/saod/_themes/my-index/blhomeh.gif]
[edu.nstu.ru/courses/saod/_themes/my-index/blnexts.gif]
[edu.nstu.ru/courses/saod/_themes/my-index/blnexth.gif]
[edu.nstu.ru/courses/saod/_themes/my-index/blprevs.gif]
[edu.nstu.ru/courses/saod/_themes/my-index/blprevh.gif]
[edu.nstu.ru/courses/saod/_themes/my-index/blups.gif]
[edu.nstu.ru/courses/saod/_themes/my-index/bluph.gif]
[edu.nstu.ru/courses/saod/_themes/my-index/my-i1111.css]
[edu.nstu.ru/courses/saod/_themes/my-index/fon.jpg]
[edu.nstu.ru/courses/saod/_themes/my/my1011-1251.css]
[edu.nstu.ru/courses/saod/_derived/content.htm_cmp_my010_bnr.gif]
[edu.nstu.ru/courses/saod/_derived/home_cmp_my010_home.gif]
[edu.nstu.ru/courses/saod/_derived/home_cmp_my010_home_a.gif]
[edu.nstu.ru/courses/saod/index-2.html]
[edu.nstu.ru/courses/saod/_derived/next_cmp_my010_next.gif]
[edu.nstu.ru/courses/saod/_derived/next_cmp_my010_next_a.gif]
[edu.nstu.ru/courses/saod/psevdocod.html]
[edu.nstu.ru/courses/saod/effectivnost.html]
[edu.nstu.ru/courses/saod/sort_princ.html]
[edu.nstu.ru/courses/saod/sort_ins.html]
[edu.nstu.ru/courses/saod/sort_exch.html]
[edu.nstu.ru/courses/saod/sort_select.html]
[edu.nstu.ru/courses/saod/sort_shell.html]
[edu.nstu.ru/courses/saod/sort_sheker.html]
[edu.nstu.ru/courses/saod/sort_razdel.html]
[edu.nstu.ru/courses/saod/sort_heap.html]
[edu.nstu.ru/courses/saod/sort_merge.html]
[edu.nstu.ru/courses/saod/msd.html]
[edu.nstu.ru/courses/saod/sets.html]
[edu.nstu.ru/courses/saod/stek.html]
[edu.nstu.ru/courses/saod/queue.html]
[edu.nstu.ru/courses/saod/list.html]
[edu.nstu.ru/courses/saod/mfset.html]
[edu.nstu.ru/courses/saod/search.html]
[edu.nstu.ru/courses/saod/bst_tree.html]
[edu.nstu.ru/courses/saod/bst_op1.html]
[edu.nstu.ru/courses/saod/bst_op2.html]
[edu.nstu.ru/courses/saod/rand_tree.html]
[edu.nstu.ru/courses/saod/avl_tree.html]
[edu.nstu.ru/courses/saod/2_3_tree.html]
[edu.nstu.ru/courses/saod/2_3_4_tree.html]
[edu.nstu.ru/courses/saod/RB_tree.html]
[edu.nstu.ru/courses/saod/hash_table.html]
[edu.nstu.ru/courses/saod/file_structure.html]
[edu.nstu.ru/courses/saod/exhaustive_search.html]
[edu.nstu.ru/courses/saod/alg_jadn.html]
[edu.nstu.ru/courses/saod/alg_dinam.html]
[edu.nstu.ru/courses/saod/graph.html]
[edu.nstu.ru/courses/saod/bfs.html]
[edu.nstu.ru/courses/saod/dfs.html]
[edu.nstu.ru/courses/saod/alg_dfs.html]
[edu.nstu.ru/courses/saod/content.html]
[edu.nstu.ru/courses/saod/alg_orgraph.html]
[edu.nstu.ru/courses/saod/_derived/testing.htm_cmp_my010_bnr.gif]
[edu.nstu.ru/courses/saod/alg_weight_graph.html]
[edu.nstu.ru/courses/saod/_derived/back_cmp_my010_back.gif]
[edu.nstu.ru/courses/saod/_derived/back_cmp_my010_back_a.gif]
[edu.nstu.ru/courses/saod/flash/test1.html]
[edu.nstu.ru/courses/saod/flash/test2.swf]
[edu.nstu.ru/courses/saod/flash/test2.html]
[edu.nstu.ru/courses/saod/flash/test3.html]
[edu.nstu.ru/courses/saod/flash/test4.html]
[edu.nstu.ru/courses/saod/flash/test5.html]
[edu.nstu.ru/courses/saod/flash/test6.html]
[edu.nstu.ru/courses/saod/flash/test7.html]
[edu.nstu.ru/courses/saod/flash/test8.html]
[edu.nstu.ru/courses/saod/flash/test9.html]
[edu.nstu.ru/courses/saod/flash/test10.html]
[edu.nstu.ru/courses/saod/flash/test11.html]
[edu.nstu.ru/courses/saod/flash/test12.html]
[edu.nstu.ru/courses/saod/flash/test13.html]
[edu.nstu.ru/courses/saod/flash/test14.html]
[edu.nstu.ru/courses/saod/flash/test15.html]
[edu.nstu.ru/courses/saod/flash/test16.html]
[edu.nstu.ru/courses/saod/flash/test17.html]
[edu.nstu.ru/courses/saod/flash/test18.html]
[edu.nstu.ru/courses/saod/flash/test19.html]
[edu.nstu.ru/courses/saod/flash/test20.html]
[edu.nstu.ru/courses/saod/flash/test21.html]
[edu.nstu.ru/courses/saod/flash/test22.html]
[edu.nstu.ru/courses/saod/flash/test23.html]
[edu.nstu.ru/courses/saod/flash/test24.html]
[edu.nstu.ru/courses/saod/flash/test25.html]
[edu.nstu.ru/courses/saod/flash/test26.html]
[edu.nstu.ru/courses/saod/flash/test27.html]
[edu.nstu.ru/courses/saod/flash/test28.html]
[edu.nstu.ru/courses/saod/flash/test29.html]
[edu.nstu.ru/courses/saod/flash/test30.html]
[edu.nstu.ru/courses/saod/flash/test31.html]
[edu.nstu.ru/courses/saod/flash/test32.html]
[edu.nstu.ru/courses/saod/flash/test33.html]
[edu.nstu.ru/courses/saod/flash/test34.html]
[edu.nstu.ru/courses/saod/flash/test35.html]
[edu.nstu.ru/courses/saod/flash/test36.html]
[edu.nstu.ru/courses/saod/flash/test37.html]
[edu.nstu.ru/courses/saod/flash/test38.html]
[edu.nstu.ru/courses/saod/flash/test39.html]
[edu.nstu.ru/courses/saod/flash/test40.html]
[edu.nstu.ru/courses/saod/images/testing.gif]
[edu.nstu.ru/courses/saod/images/testing1.gif]
[edu.nstu.ru/courses/saod/testing.html]
[edu.nstu.ru/courses/saod/images/testing2.gif]
[edu.nstu.ru/courses/saod/_derived/visualisator.htm_cmp_my010_bnr.gif]
[edu.nstu.ru/courses/saod/RBTreeVisualisator/RBTreeVisualisator.html]
[edu.nstu.ru/courses/saod/DijkstraVisualisator/DijkstraVisualisator.html]
[edu.nstu.ru/courses/saod/images/vis1.gif]
[edu.nstu.ru/courses/saod/visualisator.html]
[edu.nstu.ru/courses/saod/images/vis.gif]
[edu.nstu.ru/courses/saod/_derived/liter.htm_cmp_my010_bnr.gif]
[edu.nstu.ru/courses/saod/liter.html]
[edu.nstu.ru/courses/saod/_derived/glossary.htm_cmp_my010_bnr.gif]
[edu.nstu.ru/courses/saod/liter_annot.html]
[edu.nstu.ru/courses/saod/glossary.html]
[edu.nstu.ru/courses/saod/_themes/my/ablrule.gif]
[edu.nstu.ru/courses/saod/_themes/my/ablbull1.gif]
[edu.nstu.ru/courses/saod/_themes/my/ablbull2.gif]
[edu.nstu.ru/courses/saod/_themes/my/ablbull3.gif]
[edu.nstu.ru/courses/saod/_themes/my/ablbnr1.gif]
[edu.nstu.ru/courses/saod/_themes/my/but_up.gif]
[edu.nstu.ru/courses/saod/_themes/my/but_down.gif]
[edu.nstu.ru/courses/saod/_themes/my/blhomes.gif]
[edu.nstu.ru/courses/saod/_themes/my/blhomeh.gif]
[edu.nstu.ru/courses/saod/_themes/my/blnexts.gif]
[edu.nstu.ru/courses/saod/_themes/my/blnexth.gif]
[edu.nstu.ru/courses/saod/_themes/my/blprevs.gif]
[edu.nstu.ru/courses/saod/_themes/my/blprevh.gif]
[edu.nstu.ru/courses/saod/_themes/my/blups.gif]
[edu.nstu.ru/courses/saod/_themes/my/my1011-1251.css]
[edu.nstu.ru/courses/saod/_themes/my/bluph.gif]
[edu.nstu.ru/courses/saod/index-2.html]
[edu.nstu.ru/courses/saod/_derived/psevdocod.htm_cmp_my010_bnr.gif]
[edu.nstu.ru/courses/saod/_derived/up_cmp_my010_up.gif]
[edu.nstu.ru/courses/saod/_derived/up_cmp_my010_up_a.gif]
[edu.nstu.ru/courses/saod/images/Image15.gif]
[edu.nstu.ru/courses/saod/psevdocod.html]
[edu.nstu.ru/courses/saod/images/comment.gif]
[edu.nstu.ru/courses/saod/_derived/effectivnost.htm_cmp_my010_bnr.gif]
[edu.nstu.ru/courses/saod/images/Image17.gif]
[edu.nstu.ru/courses/saod/images/Image18.gif]
[edu.nstu.ru/courses/saod/images/mul.gif]
[edu.nstu.ru/courses/saod/images/Image19.gif]
[edu.nstu.ru/courses/saod/images/Image20.gif]
[edu.nstu.ru/courses/saod/images/Image21_1.gif]
[edu.nstu.ru/courses/saod/images/Image21.gif]
[edu.nstu.ru/courses/saod/images/Image22.gif]
[edu.nstu.ru/courses/saod/images/Image23.gif]
[edu.nstu.ru/courses/saod/images/Image23_1.gif]
[edu.nstu.ru/courses/saod/images/Image23_2.gif]
[edu.nstu.ru/courses/saod/effectivnost.html]
[edu.nstu.ru/courses/saod/images/Image23_3.gif]
[edu.nstu.ru/courses/saod/_derived/sort_princ.htm_cmp_my010_bnr.gif]
[edu.nstu.ru/courses/saod/sort_princ.html]
[edu.nstu.ru/courses/saod/_derived/sort_ins.htm_cmp_my010_bnr.gif]
[edu.nstu.ru/courses/saod/sort_ins.html]
[edu.nstu.ru/courses/saod/images/sort_insertion.gif]
[edu.nstu.ru/courses/saod/_derived/sort_exch.htm_cmp_my010_bnr.gif]
[edu.nstu.ru/courses/saod/sort_exch.html]
[edu.nstu.ru/courses/saod/images/sort_bubble.gif]
[edu.nstu.ru/courses/saod/_derived/sort_select.htm_cmp_my010_bnr.gif]
[edu.nstu.ru/courses/saod/sort_select.html]
[edu.nstu.ru/courses/saod/images/sort_selection.gif]
[edu.nstu.ru/courses/saod/_derived/sort_shell.htm_cmp_my010_bnr.gif]
[edu.nstu.ru/courses/saod/sort_shell.html]
[edu.nstu.ru/courses/saod/images/sort_shall.gif]
[edu.nstu.ru/courses/saod/_derived/sort_sheker.htm_cmp_my010_bnr.gif]
[edu.nstu.ru/courses/saod/sort_sheker.html]
[edu.nstu.ru/courses/saod/_derived/sort_razdel.htm_cmp_my010_bnr.gif]
[edu.nstu.ru/courses/saod/images/sort_r1.gif]
[edu.nstu.ru/courses/saod/images/l_e.gif]
[edu.nstu.ru/courses/saod/images/sort_r3.gif]
[edu.nstu.ru/courses/saod/images/m_e.gif]
[edu.nstu.ru/courses/saod/images/sort_r8.gif]
[edu.nstu.ru/courses/saod/images/sort_r9.gif]
[edu.nstu.ru/courses/saod/images/sort_r14.gif]
[edu.nstu.ru/courses/saod/images/sort_r22.gif]
[edu.nstu.ru/courses/saod/images/sort_r23.gif]
[edu.nstu.ru/courses/saod/sort_razdel.html]
[edu.nstu.ru/courses/saod/_derived/sort_heap.htm_cmp_my010_bnr.gif]
[edu.nstu.ru/courses/saod/images/sort_tree1.gif]
[edu.nstu.ru/courses/saod/images/sort_p22.gif]
[edu.nstu.ru/courses/saod/images/sort_tree2.gif]
[edu.nstu.ru/courses/saod/images/sort_tree3.gif]
[edu.nstu.ru/courses/saod/images/sort_p11.gif]
[edu.nstu.ru/courses/saod/images/sort_p1.gif]
[edu.nstu.ru/courses/saod/images/sort_p15.gif]
[edu.nstu.ru/courses/saod/images/sort_p16.gif]
[edu.nstu.ru/courses/saod/images/sort_p17.gif]
[edu.nstu.ru/courses/saod/images/sort_p18.gif]
[edu.nstu.ru/courses/saod/images/sort_p20.gif]
[edu.nstu.ru/courses/saod/images/sort_p14.gif]
[edu.nstu.ru/courses/saod/images/sort_pr1.gif]
[edu.nstu.ru/courses/saod/sort_heap.html]
[edu.nstu.ru/courses/saod/images/sort_pr3.gif]
[edu.nstu.ru/courses/saod/sort_merge.files/filelist.xml]
[edu.nstu.ru/courses/saod/_derived/sort_merge.htm_cmp_my010_bnr.gif]
[edu.nstu.ru/courses/saod/images/merge1.gif]
[edu.nstu.ru/courses/saod/images/merge2.gif]
[edu.nstu.ru/courses/saod/images/merge3.gif]
[edu.nstu.ru/courses/saod/sort_merge.files/image002.gif]
[edu.nstu.ru/courses/saod/sort_merge.html]
[edu.nstu.ru/courses/saod/_derived/msd.htm_cmp_my010_bnr.gif]
[edu.nstu.ru/courses/saod/images/msd1.gif]
[edu.nstu.ru/courses/saod/images/msd2.gif]
[edu.nstu.ru/courses/saod/images/msd3.gif]
[edu.nstu.ru/courses/saod/images/msd4.gif]
[edu.nstu.ru/courses/saod/images/msd5.gif]
[edu.nstu.ru/courses/saod/images/msd6.gif]
[edu.nstu.ru/courses/saod/images/msd7.gif]
[edu.nstu.ru/courses/saod/images/msd8.gif]
[edu.nstu.ru/courses/saod/msd.html]
[edu.nstu.ru/courses/saod/_derived/sets.htm_cmp_my010_bnr.gif]
[edu.nstu.ru/courses/saod/sets.html]
[edu.nstu.ru/courses/saod/_derived/stek.htm_cmp_my010_bnr.gif]
[edu.nstu.ru/courses/saod/images/stack_1.gif]
[edu.nstu.ru/courses/saod/images/coment.gif]
[edu.nstu.ru/courses/saod/stek.html]
[edu.nstu.ru/courses/saod/images/stack_2.gif]
[edu.nstu.ru/courses/saod/_derived/queue.htm_cmp_my010_bnr.gif]
[edu.nstu.ru/courses/saod/images/Image30_2.gif]
[edu.nstu.ru/courses/saod/images/Image30_3.gif]
[edu.nstu.ru/courses/saod/images/queue3.gif]
[edu.nstu.ru/courses/saod/images/queue4.gif]
[edu.nstu.ru/courses/saod/images/queue5.gif]
[edu.nstu.ru/courses/saod/images/queue6.gif]
[edu.nstu.ru/courses/saod/queue.html]
[edu.nstu.ru/courses/saod/_derived/list.htm_cmp_my010_bnr.gif]
[edu.nstu.ru/courses/saod/images/list1.gif]
[edu.nstu.ru/courses/saod/images/list2.gif]
[edu.nstu.ru/courses/saod/images/neravno.gif]
[edu.nstu.ru/courses/saod/images/list3.gif]
[edu.nstu.ru/courses/saod/images/list4.gif]
[edu.nstu.ru/courses/saod/images/list5.gif]
[edu.nstu.ru/courses/saod/images/list8.gif]
[edu.nstu.ru/courses/saod/images/list6.gif]
[edu.nstu.ru/courses/saod/list.html]
[edu.nstu.ru/courses/saod/images/list7.gif]
[edu.nstu.ru/courses/saod/_derived/mfset.htm_cmp_my010_bnr.gif]
[edu.nstu.ru/courses/saod/images/mfset1.gif]
[edu.nstu.ru/courses/saod/images/mfset2.gif]
[edu.nstu.ru/courses/saod/images/mfset3.gif]
[edu.nstu.ru/courses/saod/images/mfset4.gif]
[edu.nstu.ru/courses/saod/images/union.gif]
[edu.nstu.ru/courses/saod/images/mfset5.gif]
[edu.nstu.ru/courses/saod/mfset.html]
[edu.nstu.ru/courses/saod/_derived/search.htm_cmp_my010_bnr.gif]
[edu.nstu.ru/courses/saod/images/tab_ind.gif]
[edu.nstu.ru/courses/saod/images/tab_list.gif]
[edu.nstu.ru/courses/saod/images/bst.gif]
[edu.nstu.ru/courses/saod/search.html]
[edu.nstu.ru/courses/saod/_derived/bst_tree.htm_cmp_my010_bnr.gif]
[edu.nstu.ru/courses/saod/images/bst1.gif]
[edu.nstu.ru/courses/saod/bst_tree.html]
[edu.nstu.ru/courses/saod/images/bst2.gif]
[edu.nstu.ru/courses/saod/_derived/bst_op1.htm_cmp_my010_bnr.gif]
[edu.nstu.ru/courses/saod/images/bst_ins.gif]
[edu.nstu.ru/courses/saod/images/bst_del1.gif]
[edu.nstu.ru/courses/saod/images/bst_del2.gif]
[edu.nstu.ru/courses/saod/images/bst_del3.gif]
[edu.nstu.ru/courses/saod/bst_op1.html]
[edu.nstu.ru/courses/saod/bst_op2.files/filelist.xml]
[edu.nstu.ru/courses/saod/_derived/bst_op2.htm_cmp_my010_bnr.gif]
[edu.nstu.ru/courses/saod/_themes/my/blbull3.gif]
[edu.nstu.ru/courses/saod/images/bst_show1.gif]
[edu.nstu.ru/courses/saod/images/bst_show2.gif]
[edu.nstu.ru/courses/saod/images/bst_show3.gif]
[edu.nstu.ru/courses/saod/images/bst_root.gif]
[edu.nstu.ru/courses/saod/images/bst_Lrotate.gif]
[edu.nstu.ru/courses/saod/images/bst_Rrotate.gif]
[edu.nstu.ru/courses/saod/images/bst_pred.gif]
[edu.nstu.ru/courses/saod/images/bst_ord.gif]
[edu.nstu.ru/courses/saod/images/bst_part.gif]
[edu.nstu.ru/courses/saod/images/bst_union1.gif]
[edu.nstu.ru/courses/saod/images/bst_union2.gif]
[edu.nstu.ru/courses/saod/bst_op2.html]
[edu.nstu.ru/courses/saod/bst_op2.files/image002.gif]
[edu.nstu.ru/courses/saod/_derived/rand_tree.htm_cmp_my010_bnr.gif]
[edu.nstu.ru/courses/saod/rand_tree.html]
[edu.nstu.ru/courses/saod/_derived/avl_tree.htm_cmp_my010_bnr.gif]
[edu.nstu.ru/courses/saod/images/avl1.gif]
[edu.nstu.ru/courses/saod/images/avl2.gif]
[edu.nstu.ru/courses/saod/images/avl3.gif]
[edu.nstu.ru/courses/saod/images/avl4.gif]
[edu.nstu.ru/courses/saod/avl_tree.html]
[edu.nstu.ru/courses/saod/images/avl5.gif]
[edu.nstu.ru/courses/saod/_derived/2_3_tree.htm_cmp_my010_bnr.gif]
[edu.nstu.ru/courses/saod/images/2_3_tree1.gif]
[edu.nstu.ru/courses/saod/images/2_3_tree2.gif]
[edu.nstu.ru/courses/saod/images/2_3_tree3.gif]
[edu.nstu.ru/courses/saod/images/2_3_tree4.gif]
[edu.nstu.ru/courses/saod/images/2_3_tree5.gif]
[edu.nstu.ru/courses/saod/2_3_tree.html]
[edu.nstu.ru/courses/saod/_derived/2_3_4_tree.htm_cmp_my010_bnr.gif]
[edu.nstu.ru/courses/saod/images/2_3_4tree1.gif]
[edu.nstu.ru/courses/saod/images/2_3_4tree2.gif]
[edu.nstu.ru/courses/saod/2_3_4_tree.html]
[edu.nstu.ru/courses/saod/images/2_3_4tree3.gif]
[edu.nstu.ru/courses/saod/_derived/RB_tree.htm_cmp_my010_bnr.gif]
[edu.nstu.ru/courses/saod/images/RB1.gif]
[edu.nstu.ru/courses/saod/images/RB2.gif]
[edu.nstu.ru/courses/saod/images/RB3.gif]
[edu.nstu.ru/courses/saod/images/RB4.gif]
[edu.nstu.ru/courses/saod/images/RB5.gif]
[edu.nstu.ru/courses/saod/images/RB6.gif]
[edu.nstu.ru/courses/saod/images/RB7.gif]
[edu.nstu.ru/courses/saod/images/RB8.gif]
[edu.nstu.ru/courses/saod/images/RB9.gif]
[edu.nstu.ru/courses/saod/images/RB10.gif]
[edu.nstu.ru/courses/saod/images/RB11.gif]
[edu.nstu.ru/courses/saod/images/RB12.gif]
[edu.nstu.ru/courses/saod/images/RB13.gif]
[edu.nstu.ru/courses/saod/images/RB14.gif]
[edu.nstu.ru/courses/saod/images/RB15.gif]
[edu.nstu.ru/courses/saod/images/RB16.gif]
[edu.nstu.ru/courses/saod/images/RB17.gif]
[edu.nstu.ru/courses/saod/RB_tree.html]
[edu.nstu.ru/courses/saod/images/RB18.gif]
[edu.nstu.ru/courses/saod/_derived/hash_table.htm_cmp_my010_bnr.gif]
[edu.nstu.ru/courses/saod/images/hash1.gif]
[edu.nstu.ru/courses/saod/images/hash3.gif]
[edu.nstu.ru/courses/saod/images/hash4.gif]
[edu.nstu.ru/courses/saod/images/hash5.gif]
[edu.nstu.ru/courses/saod/images/hash7.gif]
[edu.nstu.ru/courses/saod/images/hash8.gif]
[edu.nstu.ru/courses/saod/images/hash9.gif]
[edu.nstu.ru/courses/saod/images/hash10.gif]
[edu.nstu.ru/courses/saod/images/hash11.gif]
[edu.nstu.ru/courses/saod/images/hash12.gif]
[edu.nstu.ru/courses/saod/hash_table.html]
[edu.nstu.ru/courses/saod/images/hash2.gif]
[edu.nstu.ru/courses/saod/_derived/file_structure.htm_cmp_my010_bnr.gif]
[edu.nstu.ru/courses/saod/images/file1.gif]
[edu.nstu.ru/courses/saod/images/file2.gif]
[edu.nstu.ru/courses/saod/images/file3.gif]
[edu.nstu.ru/courses/saod/images/file5.gif]
[edu.nstu.ru/courses/saod/images/file6.gif]
[edu.nstu.ru/courses/saod/images/file8.gif]
[edu.nstu.ru/courses/saod/images/file7.gif]
[edu.nstu.ru/courses/saod/images/file9.gif]
[edu.nstu.ru/courses/saod/images/file10.gif]
[edu.nstu.ru/courses/saod/images/file11.gif]
[edu.nstu.ru/courses/saod/file_structure.html]
[edu.nstu.ru/courses/saod/images/file12.gif]
[edu.nstu.ru/courses/saod/_derived/exhaustive_search.htm_cmp_my010_bnr.gif]
[edu.nstu.ru/courses/saod/images/exhaustive_search2.gif]
[edu.nstu.ru/courses/saod/images/exhaustive_search1.gif]
[edu.nstu.ru/courses/saod/images/exhaustive_search3.gif]
[edu.nstu.ru/courses/saod/images/exhaustive_search4.gif]
[edu.nstu.ru/courses/saod/images/alg_jadn8.gif]
[edu.nstu.ru/courses/saod/images/alg_jadn9.gif]
[edu.nstu.ru/courses/saod/exhaustive_search.html]
[edu.nstu.ru/courses/saod/images/exhaustive_search5.gif]
[edu.nstu.ru/courses/saod/_derived/alg_jadn.htm_cmp_my010_bnr.gif]
[edu.nstu.ru/courses/saod/images/alg_jadn1.gif]
[edu.nstu.ru/courses/saod/images/alg_jadn2.gif]
[edu.nstu.ru/courses/saod/images/alg_jadn3.gif]
[edu.nstu.ru/courses/saod/images/alg_jadn4.gif]
[edu.nstu.ru/courses/saod/images/alg_jadn5.gif]
[edu.nstu.ru/courses/saod/images/alg_jadn6.gif]
[edu.nstu.ru/courses/saod/images/alg_jadn7.gif]
[edu.nstu.ru/courses/saod/alg_jadn.html]
[edu.nstu.ru/courses/saod/images/alg_jadn10.gif]
[edu.nstu.ru/courses/saod/_derived/alg_dinam.htm_cmp_my010_bnr.gif]
[edu.nstu.ru/courses/saod/images/dinprog1.gif]
[edu.nstu.ru/courses/saod/images/opt_tree1.gif]
[edu.nstu.ru/courses/saod/images/opt_tree2.gif]
[edu.nstu.ru/courses/saod/images/opt_tree3.gif]
[edu.nstu.ru/courses/saod/images/opt_tree4.gif]
[edu.nstu.ru/courses/saod/images/opt_tree5.gif]
[edu.nstu.ru/courses/saod/images/opt_tree6.gif]
[edu.nstu.ru/courses/saod/images/opt_tree7.gif]
[edu.nstu.ru/courses/saod/images/opt_tree8.gif]
[edu.nstu.ru/courses/saod/alg_dinam.html]
[edu.nstu.ru/courses/saod/images/opt_tree9.gif]
[edu.nstu.ru/courses/saod/_derived/graph.htm_cmp_my010_bnr.gif]
[edu.nstu.ru/courses/saod/images/graph1.gif]
[edu.nstu.ru/courses/saod/images/graph2.gif]
[edu.nstu.ru/courses/saod/images/belong_eq.gif]
[edu.nstu.ru/courses/saod/images/belong_to.gif]
[edu.nstu.ru/courses/saod/images/ekvivalent.gif]
[edu.nstu.ru/courses/saod/images/graph3.gif]
[edu.nstu.ru/courses/saod/images/graph4.gif]
[edu.nstu.ru/courses/saod/images/graph5.gif]
[edu.nstu.ru/courses/saod/images/graph6.gif]
[edu.nstu.ru/courses/saod/images/graph7.gif]
[edu.nstu.ru/courses/saod/images/graph_weight37.gif]
[edu.nstu.ru/courses/saod/graph.html]
[edu.nstu.ru/courses/saod/_derived/bfs.htm_cmp_my010_bnr.gif]
[edu.nstu.ru/courses/saod/images/graph_bfs.gif]
[edu.nstu.ru/courses/saod/images/graph_bfs1.gif]
[edu.nstu.ru/courses/saod/images/graph_bfs2.gif]
[edu.nstu.ru/courses/saod/images/graph_bfs3.gif]
[edu.nstu.ru/courses/saod/images/graph_bfs4.gif]
[edu.nstu.ru/courses/saod/bfs.html]
[edu.nstu.ru/courses/saod/images/graph_bfs5.gif]
[edu.nstu.ru/courses/saod/_derived/dfs.htm_cmp_my010_bnr.gif]
[edu.nstu.ru/courses/saod/images/graph_dfs1.gif]
[edu.nstu.ru/courses/saod/images/graph_dfs2.gif]
[edu.nstu.ru/courses/saod/images/graph_dfs3.gif]
[edu.nstu.ru/courses/saod/dfs.html]
[edu.nstu.ru/courses/saod/images/graph_dfs4.gif]
[edu.nstu.ru/courses/saod/_derived/alg_dfs.htm_cmp_my010_bnr.gif]
[edu.nstu.ru/courses/saod/images/dfs_alg1.gif]
[edu.nstu.ru/courses/saod/images/dfs_alg2.gif]
[edu.nstu.ru/courses/saod/images/dfs_alg3.gif]
[edu.nstu.ru/courses/saod/images/dfs_alg4.gif]
[edu.nstu.ru/courses/saod/images/dfs_alg5.gif]
[edu.nstu.ru/courses/saod/images/dfs_alg7.gif]
[edu.nstu.ru/courses/saod/images/dfs_alg8.gif]
[edu.nstu.ru/courses/saod/images/dfs_alg6.gif]
[edu.nstu.ru/courses/saod/images/dfs_alg9.gif]
[edu.nstu.ru/courses/saod/alg_dfs.html]
[edu.nstu.ru/courses/saod/_derived/alg_orgraph.htm_cmp_my010_bnr.gif]
[edu.nstu.ru/courses/saod/images/orgraph1.gif]
[edu.nstu.ru/courses/saod/images/orgraph2.gif]
[edu.nstu.ru/courses/saod/images/orgraph3.gif]
[edu.nstu.ru/courses/saod/images/orgraph4.gif]
[edu.nstu.ru/courses/saod/images/orgraph5.gif]
[edu.nstu.ru/courses/saod/images/path.gif]
[edu.nstu.ru/courses/saod/images/orgraph6.gif]
[edu.nstu.ru/courses/saod/images/orgraph7.gif]
[edu.nstu.ru/courses/saod/images/empty_set.gif]
[edu.nstu.ru/courses/saod/images/include.gif]
[edu.nstu.ru/courses/saod/images/orgraph11.gif]
[edu.nstu.ru/courses/saod/images/orgraph8.gif]
[edu.nstu.ru/courses/saod/images/orgraph9.gif]
[edu.nstu.ru/courses/saod/images/orgraph10.gif]
[edu.nstu.ru/courses/saod/images/orgraph12.gif]
[edu.nstu.ru/courses/saod/images/orgraph13.gif]
[edu.nstu.ru/courses/saod/images/orgraph14.gif]
[edu.nstu.ru/courses/saod/images/orgraph15.gif]
[edu.nstu.ru/courses/saod/images/orgraph19.gif]
[edu.nstu.ru/courses/saod/images/orgraph16.gif]
[edu.nstu.ru/courses/saod/images/orgraph18.gif]
[edu.nstu.ru/courses/saod/alg_orgraph.html]
[edu.nstu.ru/courses/saod/images/orgraph17.gif]
[edu.nstu.ru/courses/saod/_derived/alg_weight_graph.htm_cmp_my010_bnr.gif]
[edu.nstu.ru/courses/saod/images/graph_weight1.gif]
[edu.nstu.ru/courses/saod/images/graph_weight2.gif]
[edu.nstu.ru/courses/saod/images/graph_weight3.gif]
[edu.nstu.ru/courses/saod/images/graph_weight4.gif]
[edu.nstu.ru/courses/saod/images/graph_weight5.gif]
[edu.nstu.ru/courses/saod/images/graph_weight6.gif]
[edu.nstu.ru/courses/saod/images/graph_weight7.gif]
[edu.nstu.ru/courses/saod/images/graph_weight8.gif]
[edu.nstu.ru/courses/saod/images/graph_weight9.gif]
[edu.nstu.ru/courses/saod/images/graph_weight10.gif]
[edu.nstu.ru/courses/saod/images/graph_weight11.gif]
[edu.nstu.ru/courses/saod/images/graph_weight12.gif]
[edu.nstu.ru/courses/saod/images/graph_weight13.gif]
[edu.nstu.ru/courses/saod/images/graph_weight14.gif]
[edu.nstu.ru/courses/saod/images/graph_weight15.gif]
[edu.nstu.ru/courses/saod/images/graph_weight23.gif]
[edu.nstu.ru/courses/saod/images/graph_weight16.gif]
[edu.nstu.ru/courses/saod/images/graph_weight17.gif]
[edu.nstu.ru/courses/saod/images/graph_weight18.gif]
[edu.nstu.ru/courses/saod/images/graph_weight19.gif]
[edu.nstu.ru/courses/saod/images/graph_weight20.gif]
[edu.nstu.ru/courses/saod/images/graph_weight21.gif]
[edu.nstu.ru/courses/saod/images/graph_weight22.gif]
[edu.nstu.ru/courses/saod/images/graph_weight24.gif]
[edu.nstu.ru/courses/saod/images/graph_weight25.gif]
[edu.nstu.ru/courses/saod/images/graph_weight26.gif]
[edu.nstu.ru/courses/saod/images/graph_weight28.gif]
[edu.nstu.ru/courses/saod/images/graph_weight29.gif]
[edu.nstu.ru/courses/saod/images/graph_weight30.gif]
[edu.nstu.ru/courses/saod/images/graph_weight31.gif]
[edu.nstu.ru/courses/saod/images/graph_weight32.gif]
[edu.nstu.ru/courses/saod/images/graph_weight33.gif]
[edu.nstu.ru/courses/saod/images/graph_weight34.gif]
[edu.nstu.ru/courses/saod/images/graph_weight35.gif]
[edu.nstu.ru/courses/saod/alg_weight_graph.html]
[edu.nstu.ru/courses/saod/images/graph_weight36.gif]
[edu.nstu.ru/courses/saod/flash/test1.swf]
[edu.nstu.ru/courses/saod/flash/test1.html]
[edu.nstu.ru/courses/saod/flash/test2.html]
[edu.nstu.ru/courses/saod/flash/test3.swf]
[edu.nstu.ru/courses/saod/flash/test3.html]
[edu.nstu.ru/courses/saod/flash/test4.swf]
[edu.nstu.ru/courses/saod/flash/test4.html]
[edu.nstu.ru/courses/saod/flash/test5.swf]
[edu.nstu.ru/courses/saod/flash/test5.html]
[edu.nstu.ru/courses/saod/flash/test6.swf]
[edu.nstu.ru/courses/saod/flash/test6.html]
[edu.nstu.ru/courses/saod/flash/test7.swf]
[edu.nstu.ru/courses/saod/flash/test7.html]
[edu.nstu.ru/courses/saod/flash/test8.swf]
[edu.nstu.ru/courses/saod/flash/test8.html]
[edu.nstu.ru/courses/saod/flash/test9.swf]
[edu.nstu.ru/courses/saod/flash/test9.html]
[edu.nstu.ru/courses/saod/flash/test10.swf]
[edu.nstu.ru/courses/saod/flash/test10.html]
[edu.nstu.ru/courses/saod/flash/test11.swf]
[edu.nstu.ru/courses/saod/flash/test11.html]
[edu.nstu.ru/courses/saod/flash/test12.swf]
[edu.nstu.ru/courses/saod/flash/test12.html]
[edu.nstu.ru/courses/saod/flash/test13.swf]
[edu.nstu.ru/courses/saod/flash/test13.html]
[edu.nstu.ru/courses/saod/flash/test14.swf]
[edu.nstu.ru/courses/saod/flash/test14.html]
[edu.nstu.ru/courses/saod/flash/test15.swf]
[edu.nstu.ru/courses/saod/flash/test15.html]
[edu.nstu.ru/courses/saod/flash/test16.swf]
[edu.nstu.ru/courses/saod/flash/test16.html]
[edu.nstu.ru/courses/saod/flash/test17.swf]
[edu.nstu.ru/courses/saod/flash/test17.html]
[edu.nstu.ru/courses/saod/flash/test18.swf]
[edu.nstu.ru/courses/saod/flash/test18.html]
[edu.nstu.ru/courses/saod/flash/test19.swf]
[edu.nstu.ru/courses/saod/flash/test19.html]
[edu.nstu.ru/courses/saod/flash/test20.swf]
[edu.nstu.ru/courses/saod/flash/test20.html]
[edu.nstu.ru/courses/saod/flash/test21.swf]
[edu.nstu.ru/courses/saod/flash/test21.html]
[edu.nstu.ru/courses/saod/flash/test22.swf]
[edu.nstu.ru/courses/saod/flash/test22.html]
[edu.nstu.ru/courses/saod/flash/test23.swf]
[edu.nstu.ru/courses/saod/flash/test23.html]
[edu.nstu.ru/courses/saod/flash/test24.swf]
[edu.nstu.ru/courses/saod/flash/test24.html]
[edu.nstu.ru/courses/saod/flash/test25.swf]
[edu.nstu.ru/courses/saod/flash/test25.html]
[edu.nstu.ru/courses/saod/flash/test26.swf]
[edu.nstu.ru/courses/saod/flash/test26.html]
[edu.nstu.ru/courses/saod/flash/test27.html]
[edu.nstu.ru/courses/saod/flash/test27.swf]
[edu.nstu.ru/courses/saod/flash/test28.swf]
[edu.nstu.ru/courses/saod/flash/test28.html]
[edu.nstu.ru/courses/saod/flash/test29.swf]
[edu.nstu.ru/courses/saod/flash/test29.html]
[edu.nstu.ru/courses/saod/flash/test30.swf]
[edu.nstu.ru/courses/saod/flash/test30.html]
[edu.nstu.ru/courses/saod/flash/test31.swf]
[edu.nstu.ru/courses/saod/flash/test31.html]
[edu.nstu.ru/courses/saod/flash/test32.swf]
[edu.nstu.ru/courses/saod/flash/test32.html]
[edu.nstu.ru/courses/saod/flash/test33.swf]
[edu.nstu.ru/courses/saod/flash/test33.html]
[edu.nstu.ru/courses/saod/flash/test34.swf]
[edu.nstu.ru/courses/saod/flash/test34.html]
[edu.nstu.ru/courses/saod/flash/test35.swf]
[edu.nstu.ru/courses/saod/flash/test35.html]
[edu.nstu.ru/courses/saod/flash/test36.swf]
[edu.nstu.ru/courses/saod/flash/test36.html]
[edu.nstu.ru/courses/saod/flash/test37.swf]
[edu.nstu.ru/courses/saod/flash/test37.html]
[edu.nstu.ru/courses/saod/flash/test38.swf]
[edu.nstu.ru/courses/saod/flash/test38.html]
[edu.nstu.ru/courses/saod/flash/test39.swf]
[edu.nstu.ru/courses/saod/flash/test39.html]
[edu.nstu.ru/courses/saod/flash/test40.swf]
[edu.nstu.ru/courses/saod/flash/test40.html]
[edu.nstu.ru/courses/saod/RBTreeVisualisator/RBTreeVisualisator.class]
[edu.nstu.ru/courses/saod/RBTreeVisualisator/RBTreeVisualisator.html]
[edu.nstu.ru/courses/saod/DijkstraVisualisator/files/bg.jpg]
[edu.nstu.ru/courses/saod/DijkstraVisualisator/dejkstraproject/DejkstraVisualisator.class]
[edu.nstu.ru/courses/saod/DijkstraVisualisator/DijkstraVisualisator.html]
[edu.nstu.ru/courses/saod/DijkstraVisualisator/files/DijkstraArchive.jar]
[edu.nstu.ru/courses/saod/images/Aho.jpg]
[edu.nstu.ru/courses/saod/images/Prichard.jpg]
[edu.nstu.ru/courses/saod/images/Kormen.jpg]
[edu.nstu.ru/courses/saod/images/Sedjvik.jpg]
[edu.nstu.ru/courses/saod/images/Virt.jpg]
[edu.nstu.ru/courses/saod/images/Knut1.jpg]
[edu.nstu.ru/courses/saod/images/Knut3.jpg]
[edu.nstu.ru/courses/saod/images/Levitin.jpg]
[edu.nstu.ru/courses/saod/liter_annot.html]
[edu.nstu.ru/courses/saod/RBTreeVisualisator/RBTreeVisualisator-2.html]
[edu.nstu.ru/courses/saod/DijkstraVisualisator/dejkstraproject/DejkstraVisualisator.html]
